<?xml version="1.0" encoding="utf-8"?><testsuites name="pytest tests"><testsuite name="pytest" errors="0" failures="0" skipped="0" tests="53" time="3.271" timestamp="2025-08-14T14:04:02.891340-07:00" hostname="MakkapakkaDuo"><testcase classname="tests.test_ball.TestBall" name="test_ball_initialization" file="tests\test_ball.py" line="15" time="0.002" /><testcase classname="tests.test_ball.TestBall" name="test_ball_post_init" file="tests\test_ball.py" line="31" time="0.001" /><testcase classname="tests.test_ball.TestBall" name="test_ball_reset" file="tests\test_ball.py" line="39" time="0.001" /><testcase classname="tests.test_ball.TestBall" name="test_ball_hit" file="tests\test_ball.py" line="56" time="0.001" /><testcase classname="tests.test_ball.TestBall" name="test_ball_hit_from_data" file="tests\test_ball.py" line="82" time="0.001" /><testcase classname="tests.test_ball.TestBall" name="test_ball_update_airborne" file="tests\test_ball.py" line="102" time="0.001" /><testcase classname="tests.test_ball.TestBall" name="test_ball_update_on_ground" file="tests\test_ball.py" line="120" time="0.001" /><testcase classname="tests.test_ball.TestBall" name="test_ball_bounce" file="tests\test_ball.py" line="136" time="0.001" /><testcase classname="tests.test_ball.TestBall" name="test_ball_very_slow_motion" file="tests\test_ball.py" line="156" time="0.001" /><testcase classname="tests.test_ball.TestUtilityFunctions" name="test_project" file="tests\test_ball.py" line="173" time="0.001" /><testcase classname="tests.test_ball.TestUtilityFunctions" name="test_angle_between" file="tests\test_ball.py" line="185" time="0.001" /><testcase classname="tests.test_ball.TestUtilityFunctions" name="test_angle_between_parallel" file="tests\test_ball.py" line="194" time="0.001" /><testcase classname="tests.test_ball.TestUtilityFunctions" name="test_angle_between_opposite" file="tests\test_ball.py" line="203" time="0.001" /><testcase classname="tests.test_ball.TestUtilityFunctions" name="test_limit_length_shorter" file="tests\test_ball.py" line="212" time="0.001" /><testcase classname="tests.test_ball.TestUtilityFunctions" name="test_limit_length_longer" file="tests\test_ball.py" line="221" time="0.001" /><testcase classname="tests.test_ball.TestUtilityFunctions" name="test_limit_length_zero_vector" file="tests\test_ball.py" line="231" time="0.001" /><testcase classname="tests.test_ball.TestUtilityFunctions" name="test_limit_length_zero_limit" file="tests\test_ball.py" line="240" time="0.001" /><testcase classname="tests.test_ball.TestUtilityFunctions" name="test_rotation_matrix_x_axis" file="tests\test_ball.py" line="249" time="0.001" /><testcase classname="tests.test_ball.TestUtilityFunctions" name="test_rotation_matrix_y_axis" file="tests\test_ball.py" line="264" time="0.001" /><testcase classname="tests.test_ball.TestUtilityFunctions" name="test_rotation_matrix_z_axis" file="tests\test_ball.py" line="282" time="0.001" /><testcase classname="tests.test_ball.TestUtilityFunctions" name="test_rotation_matrix_zero_angle" file="tests\test_ball.py" line="297" time="0.001" /><testcase classname="tests.test_ball.TestUtilityFunctions" name="test_rotation_matrix_non_unit_axis" file="tests\test_ball.py" line="308" time="0.001" /><testcase classname="tests.test_ball.TestBallEdgeCases" name="test_ball_very_high_speed" file="tests\test_ball.py" line="327" time="0.001" /><testcase classname="tests.test_ball.TestBallEdgeCases" name="test_ball_zero_velocity" file="tests\test_ball.py" line="340" time="0.001" /><testcase classname="tests.test_ball.TestBallEdgeCases" name="test_ball_multiple_bounces" file="tests\test_ball.py" line="353" time="0.002" /><testcase classname="tests.test_ball.TestBallEdgeCases" name="test_ball_rolling_friction" file="tests\test_ball.py" line="366" time="0.001" /><testcase classname="tests.test_ball_detection" name="test_detect_golfballs_with_mock" file="tests\test_ball_detection.py" line="93" time="0.002" /><testcase classname="tests.test_ball_detection" name="test_detect_golfballs_no_results" file="tests\test_ball_detection.py" line="108" time="0.001" /><testcase classname="tests.test_ball_detection" name="test_detect_golfballs_wrong_class" file="tests\test_ball_detection.py" line="126" time="0.001" /><testcase classname="tests.test_ball_detection" name="test_get_detected_balls_info_with_mock" file="tests\test_ball_detection.py" line="142" time="0.001" /><testcase classname="tests.test_ball_detection" name="test_get_detected_balls_info_grayscale" file="tests\test_ball_detection.py" line="157" time="0.001" /><testcase classname="tests.test_ball_detection" name="test_get_detected_balls_info_no_detection" file="tests\test_ball_detection.py" line="169" time="0.001" /><testcase classname="tests.test_ball_detection" name="test_get_detected_balls_info_no_model" file="tests\test_ball_detection.py" line="183" time="0.001" /><testcase classname="tests.test_ball_detection" name="test_detect_golfballs_no_ultralytics" file="tests\test_ball_detection.py" line="193" time="0.002" /><testcase classname="tests.test_ball_detection" name="test_detect_golfballs_multiple_balls" file="tests\test_ball_detection.py" line="204" time="0.001" /><testcase classname="tests.test_ball_detection" name="test_detect_golfballs_empty_boxes" file="tests\test_ball_detection.py" line="225" time="0.001" /><testcase classname="tests.test_ball_utils" name="test_project" file="tests\test_ball_utils.py" line="11" time="0.011" /><testcase classname="tests.test_ball_utils" name="test_angle_between" file="tests\test_ball_utils.py" line="18" time="0.001" /><testcase classname="tests.test_ball_utils" name="test_limit_length" file="tests\test_ball_utils.py" line="25" time="0.001" /><testcase classname="tests.test_ball_utils" name="test_rotation_matrix" file="tests\test_ball_utils.py" line="32" time="0.001" /><testcase classname="tests.test_config_reader" name="test_load_config_defaults" file="tests\test_config_reader.py" line="3" time="0.001" /><testcase classname="tests.test_image_processing" name="test_convert_to_grayscale" file="tests\test_image_processing.py" line="17" time="0.009" /><testcase classname="tests.test_image_processing" name="test_convert_to_canny" file="tests\test_image_processing.py" line="26" time="0.003" /><testcase classname="tests.test_image_processing" name="test_compress_image" file="tests\test_image_processing.py" line="36" time="0.001" /><testcase classname="tests.test_image_processing" name="test_remove_reflections" file="tests\test_image_processing.py" line="44" time="0.001" /><testcase classname="tests.test_image_processing" name="test_launch_angle_calculation" file="tests\test_image_processing.py" line="53" time="0.001" /><testcase classname="tests.test_image_processing" name="test_ball_speed" file="tests\test_image_processing.py" line="60" time="0.001" /><testcase classname="tests.test_image_processing" name="test_get_launch_angle" file="tests\test_image_processing.py" line="77" time="0.001" /><testcase classname="tests.test_spin" name="test_calculate_spin_components" file="tests\test_spin.py" line="6" time="0.001" /><testcase classname="tests.test_spin" name="test_calculate_spin_axis" file="tests\test_spin.py" line="13" time="0.001" /><testcase classname="tests.test_vector" name="test_vec3_creation" file="tests\test_vector.py" line="5" time="0.001" /><testcase classname="tests.test_vector" name="test_length_and_normalized" file="tests\test_vector.py" line="11" time="0.001" /><testcase classname="tests.test_vector" name="test_cross_and_dot" file="tests\test_vector.py" line="19" time="0.001" /></testsuite></testsuites>